[    0.000000] Linux version 4.15.0-39-generic (buildd@lcy01-amd64-012) (gcc version 5.4.0 20160609 (Ubuntu 5.4.0-6ubuntu1~16.04.10)) #42~16.04.1-Ubuntu SMP Wed Oct 24 17:09:54 UTC 2018 (Ubuntu 4.15.0-39.42~16.04.1-generic 4.15.18)
[    0.000000] Command line: BOOT_IMAGE=/boot/vmlinuz-4.15.0-39-generic root=UUID=cdf895f5-190c-422a-b9a5-e8ba4cfad807 ro console=tty1 console=ttyS0
[    0.000000] KERNEL supported cpus:
[    0.000000]   Intel GenuineIntel
[    0.000000]   AMD AuthenticAMD
[    0.000000]   Centaur CentaurHauls
[    0.000000] x86/fpu: Supporting XSAVE feature 0x001: 'x87 floating point registers'
[    0.000000] x86/fpu: Supporting XSAVE feature 0x002: 'SSE registers'
[    0.000000] x86/fpu: Supporting XSAVE feature 0x004: 'AVX registers'
[    0.000000] x86/fpu: xstate_offset[2]:  576, xstate_sizes[2]:  256
[    0.000000] x86/fpu: Enabled xstate features 0x7, context size is 832 bytes, using 'standard' format.
[    0.000000] e820: BIOS-provided physical RAM map:
[    0.000000] BIOS-e820: [mem 0x0000000000000000-0x000000000009fbff] usable
[    0.000000] BIOS-e820: [mem 0x000000000009fc00-0x000000000009ffff] reserved
[    0.000000] BIOS-e820: [mem 0x00000000000f0000-0x00000000000fffff] reserved
[    0.000000] BIOS-e820: [mem 0x0000000000100000-0x000000007ffeffff] usable
[    0.000000] BIOS-e820: [mem 0x000000007fff0000-0x000000007fffffff] ACPI data
[    0.000000] BIOS-e820: [mem 0x00000000fec00000-0x00000000fec00fff] reserved
[    0.000000] BIOS-e820: [mem 0x00000000fee00000-0x00000000fee00fff] reserved
[    0.000000] BIOS-e820: [mem 0x00000000fffc0000-0x00000000ffffffff] reserved
[    0.000000] NX (Execute Disable) protection: active
[    0.000000] SMBIOS 2.5 present.
[    0.000000] DMI: innotek GmbH VirtualBox/VirtualBox, BIOS VirtualBox 12/01/2006
[    0.000000] Hypervisor detected: KVM
[    0.000000] e820: last_pfn = 0x7fff0 max_arch_pfn = 0x400000000
[    0.000000] MTRR: Disabled
[    0.000000] x86/PAT: MTRRs disabled, skipping PAT initialization too.
[    0.000000] CPU MTRRs all blank - virtualized system.
[    0.000000] x86/PAT: Configuration [0-7]: WB  WT  UC- UC  WB  WT  UC- UC  
[    0.000000] found SMP MP-table at [mem 0x0009fff0-0x0009ffff] mapped at [        (ptrval)]
[    0.000000] Scanning 1 areas for low memory corruption
[    0.000000] RAMDISK: [mem 0x3635e000-0x371a6fff]
[    0.000000] ACPI: Early table checksum verification disabled
[    0.000000] ACPI: RSDP 0x00000000000E0000 000024 (v02 VBOX  )
[    0.000000] ACPI: XSDT 0x000000007FFF0030 00003C (v01 VBOX   VBOXXSDT 00000001 ASL  00000061)
[    0.000000] ACPI: FACP 0x000000007FFF00F0 0000F4 (v04 VBOX   VBOXFACP 00000001 ASL  00000061)
[    0.000000] ACPI: DSDT 0x000000007FFF0480 0022EA (v02 VBOX   VBOXBIOS 00000002 INTL 20180105)
[    0.000000] ACPI: FACS 0x000000007FFF0200 000040
[    0.000000] ACPI: FACS 0x000000007FFF0200 000040
[    0.000000] ACPI: APIC 0x000000007FFF0240 00006C (v02 VBOX   VBOXAPIC 00000001 ASL  00000061)
[    0.000000] ACPI: SSDT 0x000000007FFF02B0 0001CC (v01 VBOX   VBOXCPUT 00000002 INTL 20180105)
[    0.000000] No NUMA configuration found
[    0.000000] Faking a node at [mem 0x0000000000000000-0x000000007ffeffff]
[    0.000000] NODE_DATA(0) allocated [mem 0x7ffc5000-0x7ffeffff]
[    0.000000] kvm-clock: cpu 0, msr 0:7ff44001, primary cpu clock
[    0.000000] kvm-clock: Using msrs 4b564d01 and 4b564d00
[    0.000000] kvm-clock: using sched offset of 3789278106 cycles
[    0.000000] clocksource: kvm-clock: mask: 0xffffffffffffffff max_cycles: 0x1cd42e4dffb, max_idle_ns: 881590591483 ns
[    0.000000] Zone ranges:
[    0.000000]   DMA      [mem 0x0000000000001000-0x0000000000ffffff]
[    0.000000]   DMA32    [mem 0x0000000001000000-0x000000007ffeffff]
[    0.000000]   Normal   empty
[    0.000000]   Device   empty
[    0.000000] Movable zone start for each node
[    0.000000] Early memory node ranges
[    0.000000]   node   0: [mem 0x0000000000001000-0x000000000009efff]
[    0.000000]   node   0: [mem 0x0000000000100000-0x000000007ffeffff]
[    0.000000] Initmem setup node 0 [mem 0x0000000000001000-0x000000007ffeffff]
[    0.000000] Reserved but unavailable: 98 pages
[    0.000000] ACPI: PM-Timer IO Port: 0x4008
[    0.000000] IOAPIC[0]: apic_id 4, version 32, address 0xfec00000, GSI 0-23
[    0.000000] ACPI: INT_SRC_OVR (bus 0 bus_irq 0 global_irq 2 dfl dfl)
[    0.000000] ACPI: INT_SRC_OVR (bus 0 bus_irq 9 global_irq 9 low level)
[    0.000000] Using ACPI (MADT) for SMP configuration information
[    0.000000] smpboot: Allowing 4 CPUs, 0 hotplug CPUs
[    0.000000] PM: Registered nosave memory: [mem 0x00000000-0x00000fff]
[    0.000000] PM: Registered nosave memory: [mem 0x0009f000-0x0009ffff]
[    0.000000] PM: Registered nosave memory: [mem 0x000a0000-0x000effff]
[    0.000000] PM: Registered nosave memory: [mem 0x000f0000-0x000fffff]
[    0.000000] e820: [mem 0x80000000-0xfebfffff] available for PCI devices
[    0.000000] Booting paravirtualized kernel on KVM
[    0.000000] clocksource: refined-jiffies: mask: 0xffffffff max_cycles: 0xffffffff, max_idle_ns: 7645519600211568 ns
[    0.000000] random: get_random_bytes called from start_kernel+0x99/0x51b with crng_init=0
[    0.000000] setup_percpu: NR_CPUS:8192 nr_cpumask_bits:4 nr_cpu_ids:4 nr_node_ids:1
[    0.000000] percpu: Embedded 46 pages/cpu @        (ptrval) s151552 r8192 d28672 u524288
[    0.000000] PV qspinlock hash table entries: 256 (order: 0, 4096 bytes)
[    0.000000] Built 1 zonelists, mobility grouping on.  Total pages: 515961
[    0.000000] Policy zone: DMA32
[    0.000000] Kernel command line: BOOT_IMAGE=/boot/vmlinuz-4.15.0-39-generic root=UUID=cdf895f5-190c-422a-b9a5-e8ba4cfad807 ro console=tty1 console=ttyS0
[    0.000000] Memory: 2019780K/2096696K available (12300K kernel code, 2471K rwdata, 4260K rodata, 2408K init, 2416K bss, 76916K reserved, 0K cma-reserved)
[    0.000000] SLUB: HWalign=64, Order=0-3, MinObjects=0, CPUs=4, Nodes=1
[    0.000000] Kernel/User page tables isolation: enabled
[    0.000000] ftrace: allocating 39184 entries in 154 pages
[    0.004000] Hierarchical RCU implementation.
[    0.004000] 	RCU restricting CPUs from NR_CPUS=8192 to nr_cpu_ids=4.
[    0.004000] 	Tasks RCU enabled.
[    0.004000] RCU: Adjusting geometry for rcu_fanout_leaf=16, nr_cpu_ids=4
[    0.004000] NR_IRQS: 524544, nr_irqs: 456, preallocated irqs: 16
[    0.004000] Console: colour VGA+ 80x25
[    0.004000] console [tty1] enabled
[    0.004000] console [ttyS0] enabled
[    0.004000] ACPI: Core revision 20170831
[    0.004000] ACPI: 2 ACPI AML tables successfully acquired and loaded
[    0.004000] APIC: Switch to symmetric I/O mode setup
[    0.004000] x2apic enabled
[    0.004000] Switched APIC routing to physical x2apic.
[    0.004000] ..TIMER: vector=0x30 apic1=0 pin1=2 apic2=-1 pin2=-1
[    0.004004] tsc: Detected 2394.456 MHz processor
[    0.004727] Calibrating delay loop (skipped) preset value.. 4788.91 BogoMIPS (lpj=9577824)
[    0.005305] pid_max: default: 32768 minimum: 301
[    0.006097] Security Framework initialized
[    0.008002] Yama: becoming mindful.
[    0.008654] AppArmor: AppArmor initialized
[    0.010183] Dentry cache hash table entries: 262144 (order: 9, 2097152 bytes)
[    0.012056] Inode-cache hash table entries: 131072 (order: 8, 1048576 bytes)
[    0.013061] Mount-cache hash table entries: 4096 (order: 3, 32768 bytes)
[    0.014238] Mountpoint-cache hash table entries: 4096 (order: 3, 32768 bytes)
[    0.015541] mce: CPU supports 0 MCE banks
[    0.016018] Last level iTLB entries: 4KB 64, 2MB 8, 4MB 8
[    0.016964] Last level dTLB entries: 4KB 64, 2MB 0, 4MB 0, 1GB 4
[    0.017923] Spectre V2 : Mitigation: Full generic retpoline
[    0.018894] Spectre V2 : Spectre v2 / SpectreRSB mitigation: Filling RSB on context switch
[    0.020003] Speculative Store Bypass: Vulnerable
[    0.020821] Freeing SMP alternatives memory: 36K
[    0.024000] smpboot: CPU0: Intel(R) Core(TM) i7-5500U CPU @ 2.40GHz (family: 0x6, model: 0x3d, stepping: 0x4)
[    0.024000] Performance Events: unsupported p6 CPU model 61 no PMU driver, software events only.
[    0.024000] Hierarchical SRCU implementation.
[    0.024529] NMI watchdog: Perf event create on CPU 0 failed with -2
[    0.025498] NMI watchdog: Perf NMI watchdog permanently disabled
[    0.026477] smp: Bringing up secondary CPUs ...
[    0.027305] x86: Booting SMP configuration:
[    0.027973] .... node  #0, CPUs:      #1
[    0.004000] kvm-clock: cpu 1, msr 0:7ff44041, secondary cpu clock
[    0.004000] mce: CPU supports 0 MCE banks
[    0.032102]  #2
[    0.004000] kvm-clock: cpu 2, msr 0:7ff44081, secondary cpu clock
[    0.004000] mce: CPU supports 0 MCE banks
[    0.036083]  #3
[    0.004000] kvm-clock: cpu 3, msr 0:7ff440c1, secondary cpu clock
[    0.004000] mce: CPU supports 0 MCE banks
[    0.040025] smp: Brought up 1 node, 4 CPUs
[    0.040767] smpboot: Max logical packages: 1
[    0.041513] smpboot: Total of 4 processors activated (19155.64 BogoMIPS)
[    0.042714] devtmpfs: initialized
[    0.044065] x86/mm: Memory block size: 128MB
[    0.045009] evm: security.selinux
[    0.045724] evm: security.SMACK64
[    0.046345] evm: security.SMACK64EXEC
[    0.047010] evm: security.SMACK64TRANSMUTE
[    0.048004] evm: security.SMACK64MMAP
[    0.048642] evm: security.apparmor
[    0.049220] evm: security.ima
[    0.049760] evm: security.capability
[    0.050435] clocksource: jiffies: mask: 0xffffffff max_cycles: 0xffffffff, max_idle_ns: 7645041785100000 ns
[    0.052013] futex hash table entries: 1024 (order: 4, 65536 bytes)
[    0.053039] pinctrl core: initialized pinctrl subsystem
[    0.054051] RTC time: 14:02:34, date: 05/15/19
[    0.054962] NET: Registered protocol family 16
[    0.056084] audit: initializing netlink subsys (disabled)
[    0.056980] audit: type=2000 audit(1557928959.630:1): state=initialized audit_enabled=0 res=1
[    0.057513] cpuidle: using governor ladder
[    0.057513] cpuidle: using governor menu
[    0.060045] ACPI: bus type PCI registered
[    0.060789] acpiphp: ACPI Hot Plug PCI Controller Driver version: 0.5
[    0.062125] PCI: Using configuration type 1 for base access
[    0.064953] HugeTLB registered 2.00 MiB page size, pre-allocated 0 pages
[    0.065085] ACPI: Added _OSI(Module Device)
[    0.065085] ACPI: Added _OSI(Processor Device)
[    0.065370] ACPI: Added _OSI(3.0 _SCP Extensions)
[    0.068004] ACPI: Added _OSI(Processor Aggregator Device)
[    0.068860] ACPI: Added _OSI(Linux-Dell-Video)
[    0.069624] ACPI: Added _OSI(Linux-Lenovo-NV-HDMI-Audio)
[    0.070738] ACPI: Executed 1 blocks of module-level executable AML code
[    0.075425] ACPI: Interpreter enabled
[    0.076013] ACPI: (supports S0 S5)
[    0.076595] ACPI: Using IOAPIC for interrupt routing
[    0.077617] PCI: Using host bridge windows from ACPI; if necessary, use "pci=nocrs" and report a bug
[    0.080165] ACPI: Enabled 2 GPEs in block 00 to 07
[    0.086785] ACPI: PCI Root Bridge [PCI0] (domain 0000 [bus 00-ff])
[    0.087768] acpi PNP0A03:00: _OSC: OS supports [ASPM ClockPM Segments MSI]
[    0.088472] acpi PNP0A03:00: _OSC: not requesting OS control; OS requires [ExtendedConfig ASPM ClockPM MSI]
[    0.090109] acpi PNP0A03:00: fail to add MMCONFIG information, can't access extended PCI configuration space under this bridge.
[    0.092315] PCI host bridge to bus 0000:00
[    0.093025] pci_bus 0000:00: root bus resource [io  0x0000-0x0cf7 window]
[    0.094243] pci_bus 0000:00: root bus resource [io  0x0d00-0xffff window]
[    0.096004] pci_bus 0000:00: root bus resource [mem 0x000a0000-0x000bffff window]
[    0.097645] pci_bus 0000:00: root bus resource [mem 0x80000000-0xfdffffff window]
[    0.099021] pci_bus 0000:00: root bus resource [bus 00-ff]
[    0.101832] pci 0000:00:01.1: legacy IDE quirk: reg 0x10: [io  0x01f0-0x01f7]
[    0.103298] pci 0000:00:01.1: legacy IDE quirk: reg 0x14: [io  0x03f6]
[    0.104007] pci 0000:00:01.1: legacy IDE quirk: reg 0x18: [io  0x0170-0x0177]
[    0.105600] pci 0000:00:01.1: legacy IDE quirk: reg 0x1c: [io  0x0376]
[    0.144330] pci 0000:00:07.0: quirk: [io  0x4000-0x403f] claimed by PIIX4 ACPI
[    0.146370] pci 0000:00:07.0: quirk: [io  0x4100-0x410f] claimed by PIIX4 SMB
[    0.157926] ACPI: PCI Interrupt Link [LNKA] (IRQs 5 9 10 *11)
[    0.159335] ACPI: PCI Interrupt Link [LNKB] (IRQs 5 9 *10 11)
[    0.160144] ACPI: PCI Interrupt Link [LNKC] (IRQs 5 *9 10 11)
[    0.162135] ACPI: PCI Interrupt Link [LNKD] (IRQs 5 9 10 *11)
[    0.164814] SCSI subsystem initialized
[    0.166035] pci 0000:00:02.0: vgaarb: setting as boot VGA device
[    0.166035] pci 0000:00:02.0: vgaarb: VGA device added: decodes=io+mem,owns=io+mem,locks=none
[    0.168019] pci 0000:00:02.0: vgaarb: bridge control possible
[    0.169353] vgaarb: loaded
[    0.172044] ACPI: bus type USB registered
[    0.172840] usbcore: registered new interface driver usbfs
[    0.173805] usbcore: registered new interface driver hub
[    0.174774] usbcore: registered new device driver usb
[    0.176034] EDAC MC: Ver: 3.0.0
[    0.176977] PCI: Using ACPI for IRQ routing
[    0.177389] NetLabel: Initializing
[    0.180020] NetLabel:  domain hash size = 128
[    0.180973] NetLabel:  protocols = UNLABELED CIPSOv4 CALIPSO
[    0.182974] NetLabel:  unlabeled traffic allowed by default
[    0.187621] clocksource: Switched to clocksource kvm-clock
[    0.198798] VFS: Disk quotas dquot_6.6.0
[    0.199473] VFS: Dquot-cache hash table entries: 512 (order 0, 4096 bytes)
[    0.200681] AppArmor: AppArmor Filesystem Enabled
[    0.201440] pnp: PnP ACPI init
[    0.202909] pnp: PnP ACPI: found 3 devices
[    0.214523] clocksource: acpi_pm: mask: 0xffffff max_cycles: 0xffffff, max_idle_ns: 2085701024 ns
[    0.216032] NET: Registered protocol family 2
[    0.218404] TCP established hash table entries: 16384 (order: 5, 131072 bytes)
[    0.220278] TCP bind hash table entries: 16384 (order: 6, 262144 bytes)
[    0.221287] TCP: Hash tables configured (established 16384 bind 16384)
[    0.222331] UDP hash table entries: 1024 (order: 3, 32768 bytes)
[    0.223350] UDP-Lite hash table entries: 1024 (order: 3, 32768 bytes)
[    0.224427] NET: Registered protocol family 1
[    0.225158] pci 0000:00:00.0: Limiting direct PCI/PCI transfers
[    0.226099] pci 0000:00:01.0: Activating ISA DMA hang workarounds
[    0.227947] pci 0000:00:02.0: Video device with shadowed ROM at [mem 0x000c0000-0x000dffff]
[    0.229619] Unpacking initramfs...
[    0.485197] Freeing initrd memory: 14628K
[    0.486194] platform rtc_cmos: registered platform RTC device (no PNP device found)
[    0.487977] Scanning for low memory corruption every 60 seconds
[    0.490148] Initialise system trusted keyrings
[    0.491195] Key type blacklist registered
[    0.492205] workingset: timestamp_bits=36 max_order=19 bucket_order=0
[    0.496179] zbud: loaded
[    0.497893] squashfs: version 4.0 (2009/01/31) Phillip Lougher
[    0.499290] fuse init (API version 7.26)
[    0.505338] Key type asymmetric registered
[    0.506213] Asymmetric key parser 'x509' registered
[    0.507230] Block layer SCSI generic (bsg) driver version 0.4 loaded (major 246)
[    0.508942] io scheduler noop registered
[    0.509872] io scheduler deadline registered
[    0.510835] io scheduler cfq registered (default)
[    0.512479] ACPI: AC Adapter [AC] (off-line)
[    0.513873] input: Power Button as /devices/LNXSYSTM:00/LNXPWRBN:00/input/input0
[    0.515136] ACPI: Power Button [PWRF]
[    0.515816] input: Sleep Button as /devices/LNXSYSTM:00/LNXSLPBN:00/input/input1
[    0.517190] ACPI: Sleep Button [SLPF]
[    0.518872] ACPI: Battery Slot [BAT0] (battery present)
[    0.519863] Serial: 8250/16550 driver, 32 ports, IRQ sharing enabled
[    0.542070] 00:02: ttyS0 at I/O 0x3f8 (irq = 4, base_baud = 115200) is a 16550A
[    0.546821] Linux agpgart interface v0.103
[    0.549687] loop: module loaded
[    0.550800] scsi host0: ata_piix
[    0.551540] scsi host1: ata_piix
[    0.552243] ata1: PATA max UDMA/33 cmd 0x1f0 ctl 0x3f6 bmdma 0xd000 irq 14
[    0.553442] ata2: PATA max UDMA/33 cmd 0x170 ctl 0x376 bmdma 0xd008 irq 15
[    0.554772] libphy: Fixed MDIO Bus: probed
[    0.555498] tun: Universal TUN/TAP device driver, 1.6
[    0.556486] PPP generic driver version 2.4.2
[    0.557306] ehci_hcd: USB 2.0 'Enhanced' Host Controller (EHCI) Driver
[    0.558383] ehci-pci: EHCI PCI platform driver
[    0.559136] ehci-platform: EHCI generic platform driver
[    0.560186] ohci_hcd: USB 1.1 'Open' Host Controller (OHCI) Driver
[    0.561175] ohci-pci: OHCI PCI platform driver
[    0.561895] ohci-platform: OHCI generic platform driver
[    0.562725] uhci_hcd: USB Universal Host Controller Interface driver
[    0.563804] i8042: PNP: PS/2 Controller [PNP0303:PS2K,PNP0f03:PS2M] at 0x60,0x64 irq 1,12
[    0.565580] serio: i8042 KBD port at 0x60,0x64 irq 1
[    0.566373] serio: i8042 AUX port at 0x60,0x64 irq 12
[    0.567371] mousedev: PS/2 mouse device common for all mice
[    0.568907] input: AT Translated Set 2 keyboard as /devices/platform/i8042/serio0/input/input2
[    0.570396] rtc_cmos rtc_cmos: rtc core: registered rtc_cmos as rtc0
[    0.571532] rtc_cmos rtc_cmos: alarms up to one day, 114 bytes nvram
[    0.572671] i2c /dev entries driver
[    0.573289] pcie_mp2_amd: AMD(R) PCI-E MP2 Communication Driver Version: 1.0
[    0.574489] device-mapper: uevent: version 1.0.3
[    0.575392] device-mapper: ioctl: 4.37.0-ioctl (2017-09-20) initialised: dm-devel@redhat.com
[    0.578954] ledtrig-cpu: registered to indicate activity on CPUs
[    0.580899] NET: Registered protocol family 10
[    0.585609] Segment Routing with IPv6
[    0.586277] NET: Registered protocol family 17
[    0.587091] Key type dns_resolver registered
[    0.588211] RAS: Correctable Errors collector initialized.
[    0.589110] sched_clock: Marking stable (588173777, 0)->(849562486, -261388709)
[    0.590934] registered taskstats version 1
[    0.591559] Loading compiled-in X.509 certificates
[    0.594933] Loaded X.509 cert 'Build time autogenerated kernel key: b6bf907933a495504ab8d1400074f4a81bd9957f'
[    0.596643] zswap: loaded using pool lzo/zbud
[    0.601265] Key type big_key registered
[    0.601948] Key type trusted registered
[    0.604568] Key type encrypted registered
[    0.605293] AppArmor: AppArmor sha1 policy hashing enabled
[    0.606280] ima: No TPM chip found, activating TPM-bypass! (rc=-19)
[    0.607387] ima: Allocated hash algorithm: sha1
[    0.608356] evm: HMAC attrs: 0x1
[    0.609241]   Magic number: 3:566:30
[    0.609989]   hash matches /build/linux-hwe-JvjrSl/linux-hwe-4.15.0/drivers/base/power/main.c:1209
[    0.611837] rtc_cmos rtc_cmos: setting system clock to 2019-05-15 14:02:34 UTC (1557928954)
[    0.613671] BIOS EDD facility v0.16 2004-Jun-25, 0 devices found
[    0.614784] EDD information not available.
[    0.718435] Freeing unused kernel memory: 2408K
[    0.905254] Write protecting the kernel read-only data: 20480k
[    0.907468] Freeing unused kernel memory: 2008K
[    0.914830] Freeing unused kernel memory: 1884K
[    0.924301] x86/mm: Checked W+X mappings: passed, no W+X pages found.
[    0.925561] x86/mm: Checking user space page tables
[    0.935548] x86/mm: Checked W+X mappings: passed, no W+X pages found.
Loading, please wait...
starting version 229
[    0.950106] random: systemd-udevd: uninitialized urandom read (16 bytes read)
[    0.951131] random: udevadm: uninitialized urandom read (16 bytes read)
[    0.951159] random: udevadm: uninitialized urandom read (16 bytes read)
[    0.999045] e1000: Intel(R) PRO/1000 Network Driver - version 7.3.21-k8-NAPI
[    1.000123] e1000: Copyright (c) 1999-2006 Intel Corporation.
[    1.011113] Fusion MPT base driver 3.04.20
[    1.012753] Copyright (c) 1999-2008 LSI Corporation
[    1.026485] Fusion MPT SPI Host driver 3.04.20
[    1.215781] input: ImExPS/2 Generic Explorer Mouse as /devices/platform/i8042/serio1/input/input4
[    1.382701] e1000 0000:00:03.0 eth0: (PCI:33MHz:32-bit) 02:1d:ce:99:1f:8c
[    1.384210] e1000 0000:00:03.0 eth0: Intel(R) PRO/1000 Network Connection
[    1.386343] mptbase: ioc0: Initiating bringup
[    1.387779] e1000 0000:00:03.0 enp0s3: renamed from eth0
[    1.902126] tsc: Refined TSC clocksource calibration: 2395.913 MHz
[    1.904028] clocksource: tsc: mask: 0xffffffffffffffff max_cycles: 0x228922b47d9, max_idle_ns: 440795254376 ns
[    1.907846] ioc0: LSI53C1030 A0: Capabilities={Initiator}
[    2.253725] scsi host2: ioc0: LSI53C1030 A0, FwRev=00000000h, Ports=1, MaxQ=256, IRQ=20
[    2.512627] scsi 2:0:0:0: Direct-Access     VBOX     HARDDISK         1.0  PQ: 0 ANSI: 5
[    2.544279] scsi target2:0:0: Beginning Domain Validation
[    2.546636] scsi target2:0:0: Domain Validation skipping write tests
[    2.547905] scsi target2:0:0: Ending Domain Validation
[    2.549066] scsi target2:0:0: asynchronous
[    2.550565] scsi 2:0:1:0: Direct-Access     VBOX     HARDDISK         1.0  PQ: 0 ANSI: 5
[    2.872581] scsi target2:0:1: Beginning Domain Validation
[    2.875184] random: fast init done
[    2.876529] scsi target2:0:1: Domain Validation skipping write tests
[    2.877825] scsi target2:0:1: Ending Domain Validation
[    2.880107] scsi target2:0:1: asynchronous
[    2.889025] sd 2:0:0:0: Attached scsi generic sg0 type 0
[    2.890587] sd 2:0:0:0: [sda] 20971520 512-byte logical blocks: (10.7 GB/10.0 GiB)
[    2.890994] sd 2:0:1:0: Attached scsi generic sg1 type 0
[    2.891503] sd 2:0:1:0: [sdb] 20480 512-byte logical blocks: (10.5 MB/10.0 MiB)
[    2.891587] sd 2:0:1:0: [sdb] Write Protect is off
[    2.891748] sd 2:0:1:0: [sdb] Incomplete mode parameter data
[    2.891750] sd 2:0:1:0: [sdb] Assuming drive cache: write through
[    2.900178] sd 2:0:1:0: [sdb] Attached SCSI disk
[    2.903517] sd 2:0:0:0: [sda] Write Protect is off
[    2.904847] sd 2:0:0:0: [sda] Incomplete mode parameter data
[    2.906649] sd 2:0:0:0: [sda] Assuming drive cache: write through
[    2.909878]  sda: sda1
[    2.916605] sd 2:0:0:0: [sda] Attached SCSI disk
Begin: Loading essential drivers ... [    3.012047] raid6: sse2x1   gen()  8113 MB/s
[    3.060023] raid6: sse2x1   xor()  6754 MB/s
[    3.108050] raid6: sse2x2   gen()  8788 MB/s
[    3.156061] raid6: sse2x2   xor()  4498 MB/s
[    3.204044] raid6: sse2x4   gen()  8345 MB/s
[    3.252069] raid6: sse2x4   xor()  5123 MB/s
[    3.300106] raid6: avx2x1   gen() 13047 MB/s
[    3.348121] raid6: avx2x1   xor() 10589 MB/s
[    3.396051] raid6: avx2x2   gen() 18306 MB/s
[    3.444043] raid6: avx2x2   xor() 10072 MB/s
[    3.492035] raid6: avx2x4   gen() 16396 MB/s
[    3.540049] raid6: avx2x4   xor() 12834 MB/s
[    3.541616] raid6: using algorithm avx2x2 gen() 18306 MB/s
[    3.542781] raid6: .... xor() 10072 MB/s, rmw enabled
[    3.543884] raid6: using avx2x2 recovery algorithm
[    3.550479] xor: automatically using best checksumming function   avx       
[    3.555696] async_tx: api initialized (async)
done.
Begin: Running /scripts/init-premount ... done.
Begin: Mounting root file system ... Begin: Running /scripts/local-top ... done.
Begin: Running /scripts/local-premount ... [    3.625172] Btrfs loaded, crc32c=crc32c-intel
Scanning for Btrfs filesystems
done.
Warning: fsck not present, so skipping root file system
[    3.665023] EXT4-fs (sda1): INFO: recovery required on readonly filesystem
[    3.666393] EXT4-fs (sda1): write access will be enabled during recovery
[    3.690589] EXT4-fs (sda1): recovery complete
[    3.691798] EXT4-fs (sda1): mounted filesystem with ordered data mode. Opts: (null)
done.
Begin: Running /scripts/local-bottom ... done.
Begin: Running /scripts/init-bottom ... done.
[    3.864180] systemd[1]: systemd 229 running in system mode. (+PAM +AUDIT +SELINUX +IMA +APPARMOR +SMACK +SYSVINIT +UTMP +LIBCRYPTSETUP +GCRYPT +GNUTLS +ACL +XZ -LZ4 +SECCOMP +BLKID +ELFUTILS +KMOD -IDN)
[    3.867904] systemd[1]: Detected virtualization oracle.
[    3.869172] systemd[1]: Detected architecture x86-64.

Welcome to [1mUbuntu 16.04.6 LTS[0m!

[    3.874486] systemd[1]: Set hostname to <make-rootfs>.
[    4.174381] systemd[1]: Reached target User and Group Name Lookups.
[[0;32m  OK  [0m] Reached target User and Group Name Lookups.
[    4.176894] systemd[1]: Reached target System Time Synchronized.
[[0;32m  OK  [0m] Reached target System Time Synchronized.
[    4.179903] systemd[1]: Reached target Swap.
[[0;32m  OK  [0m] Reached target Swap.
[    4.183693] systemd[1]: Reached target Encrypted Volumes.
[[0;32m  OK  [0m] Reached target Encrypted Volumes.
[    4.186616] systemd[1]: Listening on udev Kernel Socket.
[[0;32m  OK  [0m] Listening on udev Kernel Socket.
[    4.188323] systemd[1]: Listening on Syslog Socket.
[[0;32m  OK  [0m] Listening on Syslog Socket.
[[0;32m  OK  [0m] Listening on Device-mapper event daemon FIFOs.
[[0;32m  OK  [0m] Set up automount Arbitrary Executab...ats File System Automount Point.
[[0;32m  OK  [0m] Created slice System Slice.
[[0;32m  OK  [0m] Created slice system-serial\x2dgetty.slice.
[[0;32m  OK  [0m] Created slice User and Session Slice.
[[0;32m  OK  [0m] Listening on LVM2 poll daemon socket.
[[0;32m  OK  [0m] Listening on Journal Socket (/dev/log).
[[0;32m  OK  [0m] Listening on Journal Socket.
         Mounting POSIX Message Queue File System...
         Starting Nameserver information manager...
         Starting Set console keymap...
         Starting Uncomplicated firewall...
         Mounting Huge Pages File System...
[[0;32m  OK  [0m] Started Trigger resolvconf update for networkd DNS.
         Starting Load Kernel Modules...
[[0;32m  OK  [0m] Reached target Slices.
[[0;32m  OK  [0m] Listening on Journal Audit Socket.
         Starting Remount Root and Kernel File Systems...
[[0;32m  OK  [0m] Listening on LVM2 metadata daemon socket.
         Starting Journal Service...
         Mounting Debug File System...
         Starting Monitoring of LVM2 mirrors... dmeventd or progress polling...
[[0;32m  OK  [0m] Started Forward Password Requests to Wall Directory Watch.
[[0;32m  OK  [0m] Listening on /dev/initctl Compatibility Named Pipe.
         Starting Create list of required st... nodes for the current kernel...
[[0;32m  OK  [0m] Listening on udev Control Socket.
[    4.299114] Loading iSCSI transport class v2.0-870.
[    4.306834] iscsi: registered transport (tcp)
[[0;32m  OK  [0m] Mounted POSIX Message Queue File System.
[[0;32m  OK  [0m] Mounted Huge Pages File System.
[[0;32m  OK  [0m] Mounted Debug File System.
[[0;1;31mFAILED[0m] Failed to start Set console keymap.
See 'systemctl status keyboard-setup.service' for details.
[[0;32m  OK  [0m] Started Uncomplicated firewall.
[[0;32m  OK  [0m] Started Journal Service.
[[0;32m  OK  [0m] Started LVM2 metadata daemon.
[[0;32m  OK  [0m] Started Create list of required sta...ce nodes for the current kernel.
[[0;32m  OK  [0m] Started Nameserver information manager.
         Starting Create Static Device Nodes in /dev...
[    4.405033] iscsi: registered transport (iser)
[    4.407266] EXT4-fs (sda1): re-mounted. Opts: (null)
[[0;32m  OK  [0m] Started Load Kernel Modules.
[[0;32m  OK  [0m] Started Remount Root and Kernel File Systems.
         Starting udev Coldplug all Devices...
         Starting Flush Journal to Persistent Storage...
         Starting Load/Save Random Seed...
         Mounting Configuration File System...
         Starting Apply Kernel Variables...
         Mounting FUSE Control File System...
[[0;32m  OK  [0m] Mounted Configuration File System.
[[0;32m  OK  [0m] Mounted FUSE Control File System.
[[0;32m  OK  [0m] Started Create Static Device Nodes in /dev.
         Starting udev Kernel Device Manager...
[    4.499229] systemd-journald[331]: Received request to flush runtime journal from PID 1
[[0;32m  OK  [0m] Started udev Coldplug all Devices.
[[0;32m  OK  [0m] Started Load/Save Random Seed.
[[0;32m  OK  [0m] Started Apply Kernel Variables.
[[0;32m  OK  [0m] Started udev Kernel Device Manager.
[[0;32m  OK  [0m] Started Dispatch Password Requests to Console Directory Watch.
[[0;32m  OK  [0m] Started Flush Journal to Persistent Storage.
[[0;32m  OK  [0m] Started Monitoring of LVM2 mirrors,...ng dmeventd or progress polling.
[[0;32m  OK  [0m] Reached target Local File Systems (Pre).
[[0;32m  OK  [0m] Reached target Local File Systems.
         Starting LSB: AppArmor initialization...
         Starting Tell Plymouth To Write Out Runtime Data...
         Starting Create Volatile Files and Directories...
         Starting Set console font and keymap...
         Starting Initial cloud-init job (pre-networking)...
[[0;1;31mFAILED[0m] Failed to start Set console font and keymap.
See 'systemctl status console-setup.service' for details.
[[0;32m  OK  [0m] Created slice system-getty.slice.
[[0;32m  OK  [0m] Started Tell Plymouth To Write Out Runtime Data.
[[0;32m  OK  [0m] Found device /dev/ttyS0.
[[0;32m  OK  [0m] Listening on Load/Save RF Kill Switch Status /dev/rfkill Watch.
[[0;32m  OK  [0m] Found device 82540EM Gigabit Ethern...r (PRO/1000 MT Desktop Adapter).
[[0;32m  OK  [0m] Started LSB: AppArmor initialization.
[[0;32m  OK  [0m] Started Create Volatile Files and Directories.
         Starting Update UTMP about System Boot/Shutdown...
[[0;32m  OK  [0m] Started Update UTMP about System Boot/Shutdown.
[    7.455422] cloud-init[399]: Cloud-init v. 18.5-45-g3554ffe8-0ubuntu1~16.04.1 running 'init-local' at Wed, 15 May 2019 14:02:40 +0000. Up 7.01 seconds.
[[0;32m  OK  [0m] Started Initial cloud-init job (pre-networking).
[[0;32m  OK  [0m] Reached target Network (Pre).
[[0;32m  OK  [0m] Started ifup for enp0s3.
         Starting Raise network interfaces...
[[0;32m  OK  [0m] Started Raise network interfaces.
[[0;32m  OK  [0m] Reached target Network.
         Starting Initial cloud-init job (metadata service crawler)...
[    8.336693] cloud-init[911]: Cloud-init v. 18.5-45-g3554ffe8-0ubuntu1~16.04.1 running 'init' at Wed, 15 May 2019 14:02:41 +0000. Up 8.06 seconds.
[    8.338970] cloud-init[911]: ci-info: ++++++++++++++++++++++++++++++++++++++Net device info++++++++++++++++++++++++++++++++++++++
[    8.340671] cloud-init[911]: ci-info: +--------+------+----------------------------+---------------+--------+-------------------+
[    8.342266] cloud-init[911]: ci-info: | Device |  Up  |          Address           |      Mask     | Scope  |     Hw-Address    |
[    8.343813] cloud-init[911]: ci-info: +--------+------+----------------------------+---------------+--------+-------------------+
[    8.345740] cloud-init[911]: ci-info: | enp0s3 | True |         10.0.2.15          | 255.255.255.0 | global | 02:1d:ce:99:1f:8c |
[    8.347719] cloud-init[911]: ci-info: | enp0s3 | True | fe80::1d:ceff:fe99:1f8c/64 |       .       |  link  | 02:1d:ce:99:1f:8c |
[    8.349875] cloud-init[911]: ci-info: |   lo   | True |         127.0.0.1          |   255.0.0.0   |  host  |         .         |
[    8.351900] cloud-init[911]: ci-info: |   lo   | True |          ::1/128           |       .       |  host  |         .         |
[    8.354007] cloud-init[911]: ci-info: +--------+------+----------------------------+---------------+--------+-------------------+
[    8.355975] cloud-init[911]: ci-info: +++++++++++++++++++++++++++Route IPv4 info++++++++++++++++++++++++++++
[    8.357846] cloud-init[911]: ci-info: +-------+-------------+----------+---------------+-----------+-------+
[    8.359691] cloud-init[911]: ci-info: | Route | Destination | Gateway  |    Genmask    | Interface | Flags |
[    8.361501] cloud-init[911]: ci-info: +-------+-------------+----------+---------------+-----------+-------+
[    8.363007] cloud-init[911]: ci-info: |   0   |   0.0.0.0   | 10.0.2.2 |    0.0.0.0    |   enp0s3  |   UG  |
[    8.364729] cloud-init[911]: ci-info: |   1   |   10.0.2.0  | 0.0.0.0  | 255.255.255.0 |   enp0s3  |   U   |
[    8.366390] cloud-init[911]: ci-info: +-------+-------------+----------+---------------+-----------+-------+
[    8.367813] cloud-init[911]: ci-info: +++++++++++++++++++Route IPv6 info+++++++++++++++++++
[    8.369127] cloud-init[911]: ci-info: +-------+-------------+---------+-----------+-------+
[    8.370421] cloud-init[911]: ci-info: | Route | Destination | Gateway | Interface | Flags |
[    8.371492] cloud-init[911]: ci-info: +-------+-------------+---------+-----------+-------+
[    8.372418] cloud-init[911]: ci-info: |   0   |  fe80::/64  |    ::   |   enp0s3  |   U   |
[    8.386157] cloud-init[911]: ci-info: |   2   |   ff00::/8  |    ::   |   enp0s3  |   U   |
[    8.397303] cloud-init[911]: ci-info: +-------+-------------+---------+-----------+-------+
[[0;32m  OK  [0m] Started Initial cloud-init job (metadata service crawler).
[[0;32m  OK  [0m] Reached target Cloud-config availability.
[[0;32m  OK  [0m] Reached target Network is Online.
         Starting iSCSI initiator daemon (iscsid)...
[[0;32m  OK  [0m] Reached target System Initialization.
[[0;32m  OK  [0m] Started Daily apt download activities.
         Starting LXD - unix socket.
[[0;32m  OK  [0m] Started ACPI Events Check.
[[0;32m  OK  [0m] Reached target Paths.
[[0;32m  OK  [0m] Listening on ACPID Listen Socket.
[[0;32m  OK  [0m] Listening on D-Bus System Message Bus Socket.
         Starting Socket activation for snappy daemon.
[[0;32m  OK  [0m] Listening on UUID daemon activation socket.
[[0;32m  OK  [0m] Started Daily apt upgrade and clean activities.
[[0;32m  OK  [0m] Started Daily Cleanup of Temporary Directories.
[[0;32m  OK  [0m] Reached target Timers.
[[0;32m  OK  [0m] Listening on LXD - unix socket.
[[0;32m  OK  [0m] Listening on Socket activation for snappy daemon.
[[0;32m  OK  [0m] Reached target Sockets.
[[0;32m  OK  [0m] Reached target Basic System.
         Starting Virtualbox guest utils...
         Starting System Logging Service...
[[0;32m  OK  [0m] Started ACPI event daemon.
[[0;32m  OK  [0m] Started D-Bus System Message Bus.
[[0;32m  OK  [0m] Started Unattended Upgrades Shutdown.
         Starting LSB: MD monitoring daemon...
         Starting LSB: Record successful boot for GRUB...
[[0;32m  OK  [0m] Started Regular background program processing daemon.
[[0;32m  OK  [0m] Started FUSE filesystem for LXC.
         Starting Snappy daemon...
         Starting Login Service...
         Starting Accounts Service...
         Starting OpenBSD Secure Shell server...
         Starting /etc/rc.local Compatibility...
[[0;32m  OK  [0m] Started Deferred execution scheduler.
         Starting LXD - container startup/shutdown...
[[0;32m  OK  [0m] Started System Logging Service.
[[0;32m  OK  [0m] Started Snappy daemon.
[[0;32m  OK  [0m] Started /etc/rc.local Compatibility.
[[0;32m  OK  [0m] Started iSCSI initiator daemon (iscsid).
[[0;32m  OK  [0m] Started OpenBSD Secure Shell server.
[[0;32m  OK  [0m] Started Login Service.
         Starting Authenticate and Authorize Users to Run Privileged Tasks...
         Starting Login to default iSCSI targets...
         Starting Wait until snapd is fully seeded...
[[0;32m  OK  [0m] Started LSB: MD monitoring daemon.
[[0;32m  OK  [0m] Started LSB: Record successful boot for GRUB.
[[0;32m  OK  [0m] Started LXD - container startup/shutdown.
[[0;32m  OK  [0m] Started Login to default iSCSI targets.
[[0;32m  OK  [0m] Reached target Remote File Systems (Pre).
[[0;32m  OK  [0m] Reached target Remote File Systems.
         Starting LSB: daemon to balance interrupts for SMP systems...
         Starting Permit User Sessions...
         Starting LSB: automatic crash report generation...
         Starting LSB: Set the CPU Frequency Scaling governor to "ondemand"...
[[0;32m  OK  [0m] Started Permit User Sessions.
[[0;32m  OK  [0m] Started Authenticate and Authorize Users to Run Privileged Tasks.
[[0;32m  OK  [0m] Started Accounts Service.
[[0;32m  OK  [0m] Started Wait until snapd is fully seeded.
         Starting Apply the settings specified in cloud-config...
         Starting Terminate Plymouth Boot Screen...
         Starting Hold until boot process finishes up...
[[0;1;31mFAILED[0m] Failed to start Virtualbox guest utils.
See 'systemctl status virtualbox-guest-utils.service' for details.
[[0;32m  OK  [0m] Started LSB: Set the CPU Frequency Scaling governor to "ondemand".
[[0;32m  OK  [0m] Started Hold until boot process finishes up.
[[0;32m  OK  [0m] Started Terminate Plymouth Boot Screen.
[[0;32m  OK  [0m] Started Serial Getty on ttyS0.
[[0;32m  OK  [0m] Started Getty on tty1.
[[0;32m  OK  [0m] Reached target Login Prompts.
[[0;32m  OK  [0m] Started LSB: automatic crash report generation.
[[0;32m  OK  [0m] Started LSB: daemon to balance interrupts for SMP systems.
[[0;32m  OK  [0m] Reached target Multi-User System.
[[0;32m  OK  [0m] Reached target Graphical Interface.
         Starting Update UTMP about System Runlevel Changes...
[[0;32m  OK  [0m] Started Update UTMP about System Runlevel Changes.
[    9.752440] cloud-init[1322]: Cloud-init v. 18.5-45-g3554ffe8-0ubuntu1~16.04.1 running 'modules:config' at Wed, 15 May 2019 14:02:43 +0000. Up 9.65 seconds.
[[0;32m  OK  [0m] Started Apply the settings specified in cloud-config.
         Starting Execute cloud user/final scripts...
[   10.185382] cloud-init[1374]: Cloud-init v. 18.5-45-g3554ffe8-0ubuntu1~16.04.1 running 'modules:final' at Wed, 15 May 2019 14:02:43 +0000. Up 10.08 seconds.
[   10.189125] cloud-init[1374]: Cloud-init v. 18.5-45-g3554ffe8-0ubuntu1~16.04.1 finished at Wed, 15 May 2019 14:02:44 +0000. Datasource DataSourceNoCloud [seed=/dev/sdb][dsmode=net].  Up 10.17 seconds
[[0;32m  OK  [0m] Started Execute cloud user/final scripts.
[[0;32m  OK  [0m] Reached target Cloud-init target.

Ubuntu 16.04.6 LTS make-rootfs ttyS0

make-rootfs login: 